============================= test session starts =============================
platform win32 -- Python 3.13.12, pytest-9.0.2, pluggy-1.6.0 -- C:\ArunDocs\Code\.venv\Scripts\python.exe
cachedir: .pytest_cache
rootdir: C:\ArunDocs\Code\MLOps_Assignment_2_Grp_99
plugins: anyio-4.12.0
collecting ... collected 5 items

tests/test_inference_utils.py::test_preprocess_pil_image_shape_and_range PASSED [ 20%]
tests/test_inference_utils.py::test_decode_base64_image_roundtrip PASSED [ 40%]
tests/test_preprocess.py::test_center_crop_square PASSED                 [ 60%]
tests/test_preprocess.py::test_center_crop_smaller_than_image PASSED     [ 80%]
tests/test_preprocess.py::test_resize_shorter_side_preserves_aspect_ratio PASSED [100%]

============================== warnings summary ===============================
inference_service.py:117
  C:\ArunDocs\Code\MLOps_Assignment_2_Grp_99\inference_service.py:117: DeprecationWarning: 
          on_event is deprecated, use lifespan event handlers instead.
  
          Read more about it in the
          [FastAPI docs for Lifespan Events](https://fastapi.tiangolo.com/advanced/events/).
          
    @app.on_event("startup")

..\.venv\Lib\site-packages\fastapi\applications.py:4580
  C:\ArunDocs\Code\.venv\Lib\site-packages\fastapi\applications.py:4580: DeprecationWarning: 
          on_event is deprecated, use lifespan event handlers instead.
  
          Read more about it in the
          [FastAPI docs for Lifespan Events](https://fastapi.tiangolo.com/advanced/events/).
          
    return self.router.on_event(event_type)

-- Docs: https://docs.pytest.org/en/stable/how-to/capture-warnings.html
======================== 5 passed, 2 warnings in 2.13s ========================
